    Updating crates.io index
 Downloading crates ...
  Downloaded anstyle-query v1.1.5
  Downloaded bitflags v2.13.1
  Downloaded anstream v1.0.0
  Downloaded block-buffer v0.10.4
  Downloaded anstyle v1.0.14
  Downloaded generic-array v0.14.7
  Downloaded serde_core v1.0.229
  Downloaded errno v0.3.14
  Downloaded version_check v0.9.5
  Downloaded colorchoice v1.0.5
  Downloaded equivalent v1.0.2
  Downloaded quote v1.0.47
  Downloaded anstyle-parse v1.0.0
  Downloaded cfg-if v1.0.4
  Downloaded digest v0.10.7
  Downloaded is_terminal_polyfill v1.70.2
  Downloaded proc-macro2 v1.0.107
  Downloaded serde_norway v0.9.42
  Downloaded unsafe-libyaml-norway v0.2.15
  Downloaded cpufeatures v0.2.17
  Downloaded memchr v2.8.3
  Downloaded clap_derive v4.6.4
  Downloaded zmij v1.0.23
  Downloaded serde_derive v1.0.229
  Downloaded typenum v1.20.1
  Downloaded hashbrown v0.17.1
  Downloaded serde_json v1.0.151
  Downloaded syn v3.0.3
  Downloaded rustix v1.1.4
  Downloaded crypto-common v0.1.7
  Downloaded libc v0.2.189
  Downloaded ryu v1.0.23
  Downloaded strsim v0.11.1
  Downloaded heck v0.5.0
  Downloaded clap v4.6.4
  Downloaded clap_builder v4.6.2
  Downloaded indexmap v2.14.0
  Downloaded sha2 v0.10.9
  Downloaded utf8parse v0.2.2
  Downloaded itoa v1.0.18
  Downloaded serde v1.0.229
  Downloaded unicode-ident v1.0.24
  Downloaded clap_lex v1.1.0
  Downloaded linux-raw-sys v0.12.1
   Compiling proc-macro2 v1.0.107
   Compiling unicode-ident v1.0.24
   Compiling quote v1.0.47
   Compiling version_check v0.9.5
    Checking typenum v1.20.1
   Compiling generic-array v0.14.7
   Compiling serde_core v1.0.229
    Checking utf8parse v0.2.2
    Checking anstyle-parse v1.0.0
   Compiling zmij v1.0.23
    Checking colorchoice v1.0.5
    Checking anstyle-query v1.1.5
   Compiling serde v1.0.229
    Checking is_terminal_polyfill v1.70.2
    Checking anstyle v1.0.14
    Checking anstream v1.0.0
    Checking crypto-common v0.1.7
    Checking block-buffer v0.10.4
    Checking itoa v1.0.18
    Checking clap_lex v1.1.0
   Compiling rustix v1.1.4
    Checking hashbrown v0.17.1
    Checking strsim v0.11.1
   Compiling syn v3.0.3
   Compiling serde_json v1.0.151
    Checking equivalent v1.0.2
   Compiling heck v0.5.0
    Checking indexmap v2.14.0
    Checking clap_builder v4.6.2
    Checking digest v0.10.7
    Checking cpufeatures v0.2.17
    Checking bitflags v2.13.1
    Checking cfg-if v1.0.4
    Checking ryu v1.0.23
    Checking unsafe-libyaml-norway v0.2.15
    Checking linux-raw-sys v0.12.1
    Checking memchr v2.8.3
    Checking sha2 v0.10.9
   Compiling serde_derive v1.0.229
   Compiling clap_derive v4.6.4
    Checking clap v4.6.4
    Checking serde_norway v0.9.42
    Checking smolrunner v0.1.0 (/home/runner/work/smolrunner/smolrunner)
error: unused import: `Write as _`
 --> src/host_preparation_receipt_binding.rs:2:21
  |
2 | use std::io::{self, Write as _};
  |                     ^^^^^^^^^^
  |
  = note: `-D unused-imports` implied by `-D warnings`
  = help: to override `-D warnings` add `#[allow(unused_imports)]`

error: could not compile `smolrunner` (lib) due to 1 previous error
warning: build failed, waiting for other jobs to finish...
error: could not compile `smolrunner` (lib test) due to 1 previous error
