    Checking typenum v1.20.1
    Checking utf8parse v0.2.2
    Checking serde_core v1.0.229
    Checking anstyle-query v1.1.5
    Checking colorchoice v1.0.5
    Checking anstyle-parse v1.0.0
    Checking anstyle v1.0.14
    Checking is_terminal_polyfill v1.70.2
    Checking libc v0.2.189
    Checking anstream v1.0.0
    Checking strsim v0.11.1
    Checking clap_lex v1.1.0
    Checking equivalent v1.0.2
    Checking generic-array v0.14.7
    Checking hashbrown v0.17.1
    Checking itoa v1.0.18
    Checking indexmap v2.14.0
    Checking crypto-common v0.1.7
    Checking block-buffer v0.10.4
    Checking cpufeatures v0.2.17
    Checking clap_builder v4.6.2
    Checking digest v0.10.7
    Checking zmij v1.0.23
    Checking bitflags v2.13.1
    Checking cfg-if v1.0.4
    Checking ryu v1.0.23
    Checking linux-raw-sys v0.12.1
    Checking memchr v2.8.3
    Checking serde v1.0.229
    Checking unsafe-libyaml-norway v0.2.15
    Checking serde_json v1.0.151
    Checking rustix v1.1.4
    Checking serde_norway v0.9.42
    Checking clap v4.6.4
    Checking sha2 v0.10.9
    Checking zeroize v1.9.0
    Checking smolrunner v0.1.0 (/home/runner/work/smolrunner/smolrunner)
error[E0425]: cannot find function `fcntl_dupfd_cloexec` in module `rustix_fs`
   --> src/immutable_git_object_pool_observation.rs:392:34
    |
392 |     let mut current = rustix_fs::fcntl_dupfd_cloexec(base, 0).map_err(|_| io())?;
    |                                  ^^^^^^^^^^^^^^^^^^^ not found in `rustix_fs`

For more information about this error, try `rustc --explain E0425`.
error: could not compile `smolrunner` (lib) due to 1 previous error
warning: build failed, waiting for other jobs to finish...
error: could not compile `smolrunner` (lib test) due to 1 previous error
