    Updating crates.io index
 Downloading crates ...
  Downloaded anstream v1.0.0
  Downloaded anstyle-query v1.1.5
  Downloaded anstyle v1.0.14
  Downloaded anstyle-parse v1.0.0
  Downloaded bitflags v2.13.1
  Downloaded strsim v0.11.1
  Downloaded heck v0.5.0
  Downloaded errno v0.3.14
  Downloaded colorchoice v1.0.5
  Downloaded equivalent v1.0.2
  Downloaded clap_lex v1.1.0
  Downloaded is_terminal_polyfill v1.70.2
  Downloaded utf8parse v0.2.2
  Downloaded itoa v1.0.18
  Downloaded clap_derive v4.6.4
  Downloaded zmij v1.0.23
  Downloaded clap v4.6.4
  Downloaded quote v1.0.47
  Downloaded proc-macro2 v1.0.107
  Downloaded serde_derive v1.0.229
  Downloaded ryu v1.0.23
  Downloaded serde_core v1.0.229
  Downloaded unicode-ident v1.0.24
  Downloaded serde_norway v0.9.42
  Downloaded unsafe-libyaml-norway v0.2.15
  Downloaded memchr v2.8.3
  Downloaded serde v1.0.229
  Downloaded indexmap v2.14.0
  Downloaded hashbrown v0.17.1
  Downloaded serde_json v1.0.151
  Downloaded clap_builder v4.6.2
  Downloaded syn v3.0.3
  Downloaded rustix v1.1.4
  Downloaded libc v0.2.189
  Downloaded linux-raw-sys v0.12.1
   Compiling proc-macro2 v1.0.107
   Compiling quote v1.0.47
   Compiling unicode-ident v1.0.24
   Compiling serde_core v1.0.229
    Checking utf8parse v0.2.2
    Checking anstyle-parse v1.0.0
   Compiling serde v1.0.229
    Checking anstyle v1.0.14
    Checking is_terminal_polyfill v1.70.2
   Compiling zmij v1.0.23
    Checking colorchoice v1.0.5
    Checking anstyle-query v1.1.5
    Checking anstream v1.0.0
    Checking hashbrown v0.17.1
    Checking clap_lex v1.1.0
    Checking equivalent v1.0.2
   Compiling heck v0.5.0
   Compiling serde_json v1.0.151
    Checking itoa v1.0.18
   Compiling rustix v1.1.4
   Compiling syn v3.0.3
    Checking strsim v0.11.1
    Checking clap_builder v4.6.2
    Checking indexmap v2.14.0
    Checking ryu v1.0.23
    Checking unsafe-libyaml-norway v0.2.15
    Checking linux-raw-sys v0.12.1
    Checking bitflags v2.13.1
    Checking memchr v2.8.3
   Compiling serde_derive v1.0.229
   Compiling clap_derive v4.6.4
    Checking clap v4.6.4
    Checking serde_norway v0.9.42
    Checking smolrunner v0.1.0 (/home/runner/work/smolrunner/smolrunner)
error: this function has a `#[must_use]` attribute with no message, but returns a type already marked as `#[must_use]`
   --> src/execution_receipt.rs:432:5
    |
432 |     pub fn barriers(&self) -> impl Iterator<Item = &str> {
    |     ^^^^^^^^^^^^^^^^^^^^^^^^^^^^^^^^^^^^^^^^^^^^^^^^^^^^
    |
    = help: either add some descriptive message or remove the attribute
    = help: for further information visit https://rust-lang.github.io/rust-clippy/rust-1.97.0/index.html#double_must_use
    = note: `-D clippy::double-must-use` implied by `-D warnings`
    = help: to override `-D warnings` add `#[allow(clippy::double_must_use)]`

error: this function has a `#[must_use]` attribute with no message, but returns a type already marked as `#[must_use]`
   --> src/execution_receipt.rs:437:5
    |
437 |     pub fn deferred_actions(&self) -> impl Iterator<Item = &str> {
    |     ^^^^^^^^^^^^^^^^^^^^^^^^^^^^^^^^^^^^^^^^^^^^^^^^^^^^^^^^^^^^
    |
    = help: either add some descriptive message or remove the attribute
    = help: for further information visit https://rust-lang.github.io/rust-clippy/rust-1.97.0/index.html#double_must_use

error: could not compile `smolrunner` (lib) due to 2 previous errors
warning: build failed, waiting for other jobs to finish...
error: could not compile `smolrunner` (lib test) due to 2 previous errors

exit_status=101
